// Jest Snapshot v1, https://goo.gl/fbAQLP

exports[`should add a subscription to the gateway 1`] = `
Object {
  "eventType": "pageVisited",
  "functionId": "test-emit",
  "method": "POST",
  "path": "/",
  "space": "default",
  "subscriptionId": "YXN5bmMscGFnZVZpc2l0ZWQsdGVzdC1lbWl0LCUyRixQT1NU",
  "type": "async",
}
`;
