// Jest Snapshot v1, https://goo.gl/fbAQLP

exports[`should add a subscription to the gateway 1`] = `
Object {
  "eventType": "pageVisited",
  "functionId": "hello",
  "method": "POST",
  "path": "/",
  "space": "testspace",
  "subscriptionId": "YXN5bmMscGFnZVZpc2l0ZWQsaGVsbG8sJTJGLFBPU1Q",
  "type": "async",
}
`;
